// Jest Snapshot v1, https://goo.gl/fbAQLP

exports[`Not found page :: Should give the Link to Home 1`] = `
<div
  className="container mx-auto p-10 text-2xl"
>
  <div
    data-testid="not-found"
  >
    Sorry, The page is not found.....
  </div>
  <a
    className="underline"
    href="/"
    onClick={[Function]}
  >
    Home
  </a>
</div>
`;
